2026-09-29 21:24:03,390 - __main__ - INFO - ======================================================================
2026-09-29 21:24:03,391 - __main__ - INFO - Real-Time License Plate Detection and Recognition System
2026-09-29 21:24:03,391 - __main__ - INFO - ======================================================================
2026-09-29 21:24:03,420 - __main__ - INFO - 
Phase 1 Complete: Project Setup & Scaffolding
2026-09-29 21:24:03,420 - __main__ - INFO - 
Project Structure:
2026-09-29 21:24:03,421 - __main__ - INFO -   - Configuration system (config/settings.py)
2026-09-29 21:24:03,421 - __main__ - INFO -   - Modular architecture (src/ with 9 specialized modules)
2026-09-29 21:24:03,421 - __main__ - INFO -   - Data directories (data/input, output, plates, debug)
2026-09-29 21:24:03,421 - __main__ - INFO -   - Environment configuration (.env)
2026-09-29 21:24:03,421 - __main__ - INFO - 
Next Phase: Video Stream Implementation
2026-09-29 21:24:03,421 - __main__ - INFO - ======================================================================
2026-09-29 21:24:37,315 - __main__ - INFO - ======================================================================
2026-09-29 21:24:37,315 - __main__ - INFO - Real-Time License Plate Detection and Recognition System
2026-09-29 21:24:37,315 - __main__ - INFO - ======================================================================
2026-09-29 21:24:37,315 - __main__ - INFO - [OK] All required directories created/verified
2026-09-29 21:24:37,315 - __main__ - INFO - [OK] Configuration validated
2026-09-29 21:24:37,315 - __main__ - INFO - [OK] System initialized successfully
2026-09-29 21:24:37,315 - __main__ - INFO - 
Phase 1 Complete: Project Setup & Scaffolding
2026-09-29 21:24:37,315 - __main__ - INFO - 
Project Structure:
2026-09-29 21:24:37,315 - __main__ - INFO -   - Configuration system (config/settings.py)
2026-09-29 21:24:37,315 - __main__ - INFO -   - Modular architecture (src/ with 9 specialized modules)
2026-09-29 21:24:37,315 - __main__ - INFO -   - Data directories (data/input, output, plates, debug)
2026-09-29 21:24:37,315 - __main__ - INFO -   - Environment configuration (.env)
2026-09-29 21:24:37,315 - __main__ - INFO - 
Next Phase: Video Stream Implementation
2026-09-29 21:24:37,315 - __main__ - INFO - ======================================================================
